if [ ! -d ./bin/release ]; then mkdir -p ./bin/release; fi;
if [ ! -d ./build/release ]; then mkdir -p ./build/release; fi;
touch ./build/release/main.makedepend
makedepend -f./build/release/main.makedepend -p./build/release/ main.cc 2> /dev/null
make -C trace-driven depend
make -C trace-parser depend
make -C /accel-sim/accel-sim-framework/gpu-simulator/gpgpu-sim
echo "const char *g_accelsim_version=\"accelsim-commit-1916e2b_modified_0.0_26-06-04-07-21-31\";" > ./build/release/accelsim_version.h
make[1]: Entering directory '/accel-sim/accel-sim-framework/gpu-simulator/trace-parser'
make[1]: Entering directory '/accel-sim/accel-sim-framework/gpu-simulator/trace-driven'
make[1]: Entering directory '/accel-sim/accel-sim-framework/gpu-simulator/gpgpu-sim'
touch ../build/release/trace-driven.Makefile.makedepend
touch ../build/release/trace-parser.Makefile.makedepend
makedepend -f../build/release/trace-driven.Makefile.makedepend -p../build/release/ trace_driven.cc 2> /dev/null
makedepend -f../build/release/trace-parser.Makefile.makedepend -p../build/release/ trace_parser.cc 2> /dev/null
make[1]: 'depend' is up to date.
make[1]: Leaving directory '/accel-sim/accel-sim-framework/gpu-simulator/trace-parser'
make -C trace-parser
make[1]: 'depend' is up to date.
make[1]: Leaving directory '/accel-sim/accel-sim-framework/gpu-simulator/trace-driven'
make -C trace-driven
make[1]: Entering directory '/accel-sim/accel-sim-framework/gpu-simulator/trace-parser'
make[1]: Entering directory '/accel-sim/accel-sim-framework/gpu-simulator/trace-driven'
touch ../build/release/trace-parser.Makefile.makedepend
makedepend -f../build/release/trace-parser.Makefile.makedepend -p../build/release/ trace_parser.cc 2> /dev/null
touch ../build/release/trace-driven.Makefile.makedepend
makedepend -f../build/release/trace-driven.Makefile.makedepend -p../build/release/ trace_driven.cc 2> /dev/null
make[1]: Nothing to be done for 'trace-parser'.
make[1]: Leaving directory '/accel-sim/accel-sim-framework/gpu-simulator/trace-parser'
make[1]: Nothing to be done for 'trace-driven'.
make[1]: Leaving directory '/accel-sim/accel-sim-framework/gpu-simulator/trace-driven'

	Building GPGPU-Sim version 4.2.0 (build gpgpu-sim_git-commit-a1f2f296_modified_6.0) with CUDA version 12.8

if [ ! -d lib/gcc-13.3.0/cuda-12080/release ]; then mkdir -p lib/gcc-13.3.0/cuda-12080/release; fi;
if [ ! -d /accel-sim/accel-sim-framework/gpu-simulator/gpgpu-sim/build/gcc-13.3.0/cuda-12080/release/libcuda ]; then mkdir -p /accel-sim/accel-sim-framework/gpu-simulator/gpgpu-sim/build/gcc-13.3.0/cuda-12080/release/libcuda; fi;
if [ ! -d /accel-sim/accel-sim-framework/gpu-simulator/gpgpu-sim/build/gcc-13.3.0/cuda-12080/release/cuda-sim ]; then mkdir -p /accel-sim/accel-sim-framework/gpu-simulator/gpgpu-sim/build/gcc-13.3.0/cuda-12080/release/cuda-sim; fi;
Warning: gpgpu-sim is building without opencl support. Make sure NVOPENCL_LIBDIR and NVOPENCL_INCDIR are set
if [ ! -d /accel-sim/accel-sim-framework/gpu-simulator/gpgpu-sim/build/gcc-13.3.0/cuda-12080/release/cuda-sim/decuda_pred_table ]; then mkdir -p /accel-sim/accel-sim-framework/gpu-simulator/gpgpu-sim/build/gcc-13.3.0/cuda-12080/release/cuda-sim/decuda_pred_table; fi;
if [ ! -d /accel-sim/accel-sim-framework/gpu-simulator/gpgpu-sim/build/gcc-13.3.0/cuda-12080/release/gpgpu-sim ]; then mkdir -p /accel-sim/accel-sim-framework/gpu-simulator/gpgpu-sim/build/gcc-13.3.0/cuda-12080/release/gpgpu-sim; fi;
if [ ! -d /accel-sim/accel-sim-framework/gpu-simulator/gpgpu-sim/build/gcc-13.3.0/cuda-12080/release/libopencl ]; then mkdir -p /accel-sim/accel-sim-framework/gpu-simulator/gpgpu-sim/build/gcc-13.3.0/cuda-12080/release/libopencl; fi;
if [ ! -d /accel-sim/accel-sim-framework/gpu-simulator/gpgpu-sim/build/gcc-13.3.0/cuda-12080/release/libopencl/bin ]; then mkdir -p /accel-sim/accel-sim-framework/gpu-simulator/gpgpu-sim/build/gcc-13.3.0/cuda-12080/release/libopencl/bin; fi;
if [ ! -d /accel-sim/accel-sim-framework/gpu-simulator/gpgpu-sim/build/gcc-13.3.0/cuda-12080/release/intersim2 ]; then mkdir -p /accel-sim/accel-sim-framework/gpu-simulator/gpgpu-sim/build/gcc-13.3.0/cuda-12080/release/intersim2; fi;
if [ ! -d /accel-sim/accel-sim-framework/gpu-simulator/gpgpu-sim/build/gcc-13.3.0/cuda-12080/release/cuobjdump_to_ptxplus ]; then mkdir -p /accel-sim/accel-sim-framework/gpu-simulator/gpgpu-sim/build/gcc-13.3.0/cuda-12080/release/cuobjdump_to_ptxplus; fi;
if [ ! -d /accel-sim/accel-sim-framework/gpu-simulator/gpgpu-sim/build/gcc-13.3.0/cuda-12080/release/accelwattch ]; then mkdir -p /accel-sim/accel-sim-framework/gpu-simulator/gpgpu-sim/build/gcc-13.3.0/cuda-12080/release/accelwattch; fi;
if [ ! -d /accel-sim/accel-sim-framework/gpu-simulator/gpgpu-sim/build/gcc-13.3.0/cuda-12080/release/accelwattch/cacti ]; then mkdir -p /accel-sim/accel-sim-framework/gpu-simulator/gpgpu-sim/build/gcc-13.3.0/cuda-12080/release/accelwattch/cacti; fi;
make -C ./src/cuda-sim/ depend
make -C /accel-sim/accel-sim-framework/gpu-simulator/gpgpu-sim/src/accelwattch/ depend
make[2]: Entering directory '/accel-sim/accel-sim-framework/gpu-simulator/gpgpu-sim/src/cuda-sim'
make[2]: Entering directory '/accel-sim/accel-sim-framework/gpu-simulator/gpgpu-sim/src/accelwattch'
make[3]: Entering directory '/accel-sim/accel-sim-framework/gpu-simulator/gpgpu-sim/src/accelwattch'
touch /accel-sim/accel-sim-framework/gpu-simulator/gpgpu-sim/build/gcc-13.3.0/cuda-12080/release/accelwattch/Makefile.makedepend
makedepend -f/accel-sim/accel-sim-framework/gpu-simulator/gpgpu-sim/build/gcc-13.3.0/cuda-12080/release/accelwattch/Makefile.makedepend -p/accel-sim/accel-sim-framework/gpu-simulator/gpgpu-sim/build/gcc-13.3.0/cuda-12080/release/accelwattch/ Ucache.cc XML_Parse.cc arbiter.cc area.cc array.cc bank.cc basic_circuit.cc basic_components.cc cacti_interface.cc component.cc core.cc crossbar.cc decoder.cc htree2.cc interconnect.cc io.cc iocontrollers.cc logic.cc main.cc mat.cc memoryctrl.cc noc.cc nuca.cc parameter.cc processor.cc router.cc sharedcache.cc subarray.cc technology.cc uca.cc wire.cc xmlParser.cc gpgpu_sim_wrapper.cc  2> /dev/null
make -C ./cacti/ depend
make[4]: Entering directory '/accel-sim/accel-sim-framework/gpu-simulator/gpgpu-sim/src/accelwattch/cacti'
make[5]: Entering directory '/accel-sim/accel-sim-framework/gpu-simulator/gpgpu-sim/src/accelwattch/cacti'
touch /accel-sim/accel-sim-framework/gpu-simulator/gpgpu-sim/build/gcc-13.3.0/cuda-12080/release/accelwattch/cacti/Makefile.makedepend
makedepend -f/accel-sim/accel-sim-framework/gpu-simulator/gpgpu-sim/build/gcc-13.3.0/cuda-12080/release/accelwattch/cacti/Makefile.makedepend -p/accel-sim/accel-sim-framework/gpu-simulator/gpgpu-sim/build/gcc-13.3.0/cuda-12080/release/accelwattch/cacti/ area.cc bank.cc mat.cc main.cc Ucache.cc io.cc technology.cc basic_circuit.cc parameter.cc decoder.cc component.cc uca.cc subarray.cc wire.cc htree2.cc cacti_interface.cc router.cc nuca.cc crossbar.cc arbiter.cc  2> /dev/null
make[5]: Nothing to be done for 'depend'.
make[5]: Leaving directory '/accel-sim/accel-sim-framework/gpu-simulator/gpgpu-sim/src/accelwattch/cacti'
make[4]: Leaving directory '/accel-sim/accel-sim-framework/gpu-simulator/gpgpu-sim/src/accelwattch/cacti'
make[3]: Nothing to be done for 'depend'.
make[3]: Leaving directory '/accel-sim/accel-sim-framework/gpu-simulator/gpgpu-sim/src/accelwattch'
make[2]: Leaving directory '/accel-sim/accel-sim-framework/gpu-simulator/gpgpu-sim/src/accelwattch'
make -C /accel-sim/accel-sim-framework/gpu-simulator/gpgpu-sim/src/accelwattch/ 
make[2]: Entering directory '/accel-sim/accel-sim-framework/gpu-simulator/gpgpu-sim/src/accelwattch'
touch /accel-sim/accel-sim-framework/gpu-simulator/gpgpu-sim/build/gcc-13.3.0/cuda-12080/release/cuda-sim/Makefile.makedepend
makedepend -f/accel-sim/accel-sim-framework/gpu-simulator/gpgpu-sim/build/gcc-13.3.0/cuda-12080/release/cuda-sim/Makefile.makedepend -p/accel-sim/accel-sim-framework/gpu-simulator/gpgpu-sim/build/gcc-13.3.0/cuda-12080/release/cuda-sim/ cuda-sim.cc cuda_device_printf.cc cuda_device_runtime.cc instructions.cc memory.cc ptx-stats.cc ptx_ir.cc ptx_loader.cc ptx_parser.cc ptx_sim.cc 2> /dev/null
make[3]: Entering directory '/accel-sim/accel-sim-framework/gpu-simulator/gpgpu-sim/src/accelwattch'
touch /accel-sim/accel-sim-framework/gpu-simulator/gpgpu-sim/build/gcc-13.3.0/cuda-12080/release/accelwattch/Makefile.makedepend
makedepend -f/accel-sim/accel-sim-framework/gpu-simulator/gpgpu-sim/build/gcc-13.3.0/cuda-12080/release/accelwattch/Makefile.makedepend -p/accel-sim/accel-sim-framework/gpu-simulator/gpgpu-sim/build/gcc-13.3.0/cuda-12080/release/accelwattch/ Ucache.cc XML_Parse.cc arbiter.cc area.cc array.cc bank.cc basic_circuit.cc basic_components.cc cacti_interface.cc component.cc core.cc crossbar.cc decoder.cc htree2.cc interconnect.cc io.cc iocontrollers.cc logic.cc main.cc mat.cc memoryctrl.cc noc.cc nuca.cc parameter.cc processor.cc router.cc sharedcache.cc subarray.cc technology.cc uca.cc wire.cc xmlParser.cc gpgpu_sim_wrapper.cc  2> /dev/null
make[2]: 'depend' is up to date.
make[2]: Leaving directory '/accel-sim/accel-sim-framework/gpu-simulator/gpgpu-sim/src/cuda-sim'
make -C ./src/cuda-sim/
make[2]: Entering directory '/accel-sim/accel-sim-framework/gpu-simulator/gpgpu-sim/src/cuda-sim'
make -C ./cacti/ depend
make[4]: Entering directory '/accel-sim/accel-sim-framework/gpu-simulator/gpgpu-sim/src/accelwattch/cacti'
make[5]: Entering directory '/accel-sim/accel-sim-framework/gpu-simulator/gpgpu-sim/src/accelwattch/cacti'
touch /accel-sim/accel-sim-framework/gpu-simulator/gpgpu-sim/build/gcc-13.3.0/cuda-12080/release/accelwattch/cacti/Makefile.makedepend
makedepend -f/accel-sim/accel-sim-framework/gpu-simulator/gpgpu-sim/build/gcc-13.3.0/cuda-12080/release/accelwattch/cacti/Makefile.makedepend -p/accel-sim/accel-sim-framework/gpu-simulator/gpgpu-sim/build/gcc-13.3.0/cuda-12080/release/accelwattch/cacti/ area.cc bank.cc mat.cc main.cc Ucache.cc io.cc technology.cc basic_circuit.cc parameter.cc decoder.cc component.cc uca.cc subarray.cc wire.cc htree2.cc cacti_interface.cc router.cc nuca.cc crossbar.cc arbiter.cc  2> /dev/null
make[5]: Nothing to be done for 'depend'.
make[5]: Leaving directory '/accel-sim/accel-sim-framework/gpu-simulator/gpgpu-sim/src/accelwattch/cacti'
make[4]: Leaving directory '/accel-sim/accel-sim-framework/gpu-simulator/gpgpu-sim/src/accelwattch/cacti'
make[3]: Nothing to be done for 'all'.
make[3]: Leaving directory '/accel-sim/accel-sim-framework/gpu-simulator/gpgpu-sim/src/accelwattch'
make[2]: Leaving directory '/accel-sim/accel-sim-framework/gpu-simulator/gpgpu-sim/src/accelwattch'
touch /accel-sim/accel-sim-framework/gpu-simulator/gpgpu-sim/build/gcc-13.3.0/cuda-12080/release/cuda-sim/Makefile.makedepend
makedepend -f/accel-sim/accel-sim-framework/gpu-simulator/gpgpu-sim/build/gcc-13.3.0/cuda-12080/release/cuda-sim/Makefile.makedepend -p/accel-sim/accel-sim-framework/gpu-simulator/gpgpu-sim/build/gcc-13.3.0/cuda-12080/release/cuda-sim/ cuda-sim.cc cuda_device_printf.cc cuda_device_runtime.cc instructions.cc memory.cc ptx-stats.cc ptx_ir.cc ptx_loader.cc ptx_parser.cc ptx_sim.cc 2> /dev/null
g++  -c -O3 -g3 -Wall -Wno-unused-function -Wno-sign-compare -I/usr/local/cuda/include  -I/accel-sim/accel-sim-framework/gpu-simulator/gpgpu-sim/build/gcc-13.3.0/cuda-12080/release/cuda-sim/ -I. -I/accel-sim/accel-sim-framework/gpu-simulator/gpgpu-sim/build/gcc-13.3.0/cuda-12080/release -fPIC  -DTRACING_ON=1 -DCUDART_VERSION=12080 -std=c++0x cuda-sim.cc -o /accel-sim/accel-sim-framework/gpu-simulator/gpgpu-sim/build/gcc-13.3.0/cuda-12080/release/cuda-sim/cuda-sim.o
In file included from cuda-sim.h:36,
                 from cuda-sim.cc:33:
../abstract_hardware_model.h:1158:10: warning: inline variables are only available with '-std=c++17' or '-std=gnu++17' [-Wc++17-extensions]
 1158 |   static inline std::unordered_map<int, std::string> warp_inst_op_type_name = {
      |          ^~~~~~
In file included from ../gpgpu-sim/shader.h:55,
                 from cuda-sim.h:37:
../gpgpu-sim/gpu-cache.h: In constructor 'baseline_cache::baseline_cache(const char*, cache_config&, int, int, mem_fetch_interface*, mem_fetch_status, cache_gpu_level, gpgpu_sim*)':
../gpgpu-sim/gpu-cache.h:1479:24: warning: 'baseline_cache::m_bandwidth_management' will be initialized after [-Wreorder]
 1479 |   bandwidth_management m_bandwidth_management;
      |                        ^~~~~~~~~~~~~~~~~~~~~~
../gpgpu-sim/gpu-cache.h:1399:19: warning:   'cache_gpu_level baseline_cache::m_level' [-Wreorder]
 1399 |   cache_gpu_level m_level;
      |                   ^~~~~~~
../gpgpu-sim/gpu-cache.h:1282:3: warning:   when initialized here [-Wreorder]
 1282 |   baseline_cache(const char *name, cache_config &config, int core_id,
      |   ^~~~~~~~~~~~~~
ar rcs /accel-sim/accel-sim-framework/gpu-simulator/gpgpu-sim/build/gcc-13.3.0/cuda-12080/release/cuda-sim/libgpgpu_ptx_sim.a /accel-sim/accel-sim-framework/gpu-simulator/gpgpu-sim/build/gcc-13.3.0/cuda-12080/release/cuda-sim/ptx.tab.o /accel-sim/accel-sim-framework/gpu-simulator/gpgpu-sim/build/gcc-13.3.0/cuda-12080/release/cuda-sim/lex.ptx_.o /accel-sim/accel-sim-framework/gpu-simulator/gpgpu-sim/build/gcc-13.3.0/cuda-12080/release/cuda-sim/ptxinfo.tab.o /accel-sim/accel-sim-framework/gpu-simulator/gpgpu-sim/build/gcc-13.3.0/cuda-12080/release/cuda-sim/lex.ptxinfo_.o /accel-sim/accel-sim-framework/gpu-simulator/gpgpu-sim/build/gcc-13.3.0/cuda-12080/release/cuda-sim/ptx_parser.o /accel-sim/accel-sim-framework/gpu-simulator/gpgpu-sim/build/gcc-13.3.0/cuda-12080/release/cuda-sim/ptx_loader.o /accel-sim/accel-sim-framework/gpu-simulator/gpgpu-sim/build/gcc-13.3.0/cuda-12080/release/cuda-sim/cuda_device_printf.o /accel-sim/accel-sim-framework/gpu-simulator/gpgpu-sim/build/gcc-13.3.0/cuda-12080/release/cuda-sim/instructions.o /accel-sim/accel-sim-framework/gpu-simulator/gpgpu-sim/build/gcc-13.3.0/cuda-12080/release/cuda-sim/cuda-sim.o /accel-sim/accel-sim-framework/gpu-simulator/gpgpu-sim/build/gcc-13.3.0/cuda-12080/release/cuda-sim/ptx_ir.o /accel-sim/accel-sim-framework/gpu-simulator/gpgpu-sim/build/gcc-13.3.0/cuda-12080/release/cuda-sim/ptx_sim.o  /accel-sim/accel-sim-framework/gpu-simulator/gpgpu-sim/build/gcc-13.3.0/cuda-12080/release/cuda-sim/memory.o /accel-sim/accel-sim-framework/gpu-simulator/gpgpu-sim/build/gcc-13.3.0/cuda-12080/release/cuda-sim/ptx-stats.o /accel-sim/accel-sim-framework/gpu-simulator/gpgpu-sim/build/gcc-13.3.0/cuda-12080/release/cuda-sim/decuda_pred_table/decuda_pred_table.o /accel-sim/accel-sim-framework/gpu-simulator/gpgpu-sim/build/gcc-13.3.0/cuda-12080/release/cuda-sim/ptx.tab.o /accel-sim/accel-sim-framework/gpu-simulator/gpgpu-sim/build/gcc-13.3.0/cuda-12080/release/cuda-sim/lex.ptx_.o /accel-sim/accel-sim-framework/gpu-simulator/gpgpu-sim/build/gcc-13.3.0/cuda-12080/release/cuda-sim/ptxinfo.tab.o /accel-sim/accel-sim-framework/gpu-simulator/gpgpu-sim/build/gcc-13.3.0/cuda-12080/release/cuda-sim/lex.ptxinfo_.o /accel-sim/accel-sim-framework/gpu-simulator/gpgpu-sim/build/gcc-13.3.0/cuda-12080/release/cuda-sim/cuda_device_runtime.o
make[2]: Leaving directory '/accel-sim/accel-sim-framework/gpu-simulator/gpgpu-sim/src/cuda-sim'
make -C ./src/gpgpu-sim/ depend
make -C ./libcuda/ depend
make -C ./cuobjdump_to_ptxplus/ depend
make[2]: Entering directory '/accel-sim/accel-sim-framework/gpu-simulator/gpgpu-sim/src/gpgpu-sim'
make[2]: Entering directory '/accel-sim/accel-sim-framework/gpu-simulator/gpgpu-sim/libcuda'
make[2]: Entering directory '/accel-sim/accel-sim-framework/gpu-simulator/gpgpu-sim/cuobjdump_to_ptxplus'
touch /accel-sim/accel-sim-framework/gpu-simulator/gpgpu-sim/build/gcc-13.3.0/cuda-12080/release/cuobjdump_to_ptxplus/Makefile.makedepend
makedepend -f/accel-sim/accel-sim-framework/gpu-simulator/gpgpu-sim/build/gcc-13.3.0/cuda-12080/release/cuobjdump_to_ptxplus/Makefile.makedepend cuobjdumpInst.cc cuobjdumpInstList.cc cuobjdump_to_ptxplus.cc 2> /dev/null
make[2]: Leaving directory '/accel-sim/accel-sim-framework/gpu-simulator/gpgpu-sim/cuobjdump_to_ptxplus'
make -C ./cuobjdump_to_ptxplus/
make[2]: Entering directory '/accel-sim/accel-sim-framework/gpu-simulator/gpgpu-sim/cuobjdump_to_ptxplus'
:
:
:
make[2]: Leaving directory '/accel-sim/accel-sim-framework/gpu-simulator/gpgpu-sim/cuobjdump_to_ptxplus'
touch /accel-sim/accel-sim-framework/gpu-simulator/gpgpu-sim/build/gcc-13.3.0/cuda-12080/release/libcuda/Makefile.makedepend
makedepend -f/accel-sim/accel-sim-framework/gpu-simulator/gpgpu-sim/build/gcc-13.3.0/cuda-12080/release/libcuda/Makefile.makedepend -p/accel-sim/accel-sim-framework/gpu-simulator/gpgpu-sim/build/gcc-13.3.0/cuda-12080/release/libcuda/ cuda_runtime_api.cc 2> /dev/null
touch /accel-sim/accel-sim-framework/gpu-simulator/gpgpu-sim/build/gcc-13.3.0/cuda-12080/release/gpgpu-sim/Makefile.makedepend
make[2]: 'depend' is up to date.
make[2]: Leaving directory '/accel-sim/accel-sim-framework/gpu-simulator/gpgpu-sim/libcuda'
make -C ./libcuda/
makedepend -f/accel-sim/accel-sim-framework/gpu-simulator/gpgpu-sim/build/gcc-13.3.0/cuda-12080/release/gpgpu-sim/Makefile.makedepend -p/accel-sim/accel-sim-framework/gpu-simulator/gpgpu-sim/build/gcc-13.3.0/cuda-12080/release/gpgpu-sim/ addrdec.cc dram.cc dram_sched.cc gpu-cache.cc gpu-misc.cc gpu-sim.cc hashing.cc histogram.cc icnt_wrapper.cc l2cache.cc local_interconnect.cc mem_fetch.cc mem_latency_stat.cc power_interface.cc power_stat.cc scoreboard.cc shader.cc stack.cc stat-tool.cc traffic_breakdown.cc visualizer.cc 2> /dev/null
make[2]: Entering directory '/accel-sim/accel-sim-framework/gpu-simulator/gpgpu-sim/libcuda'
make[2]: 'depend' is up to date.
make[2]: Leaving directory '/accel-sim/accel-sim-framework/gpu-simulator/gpgpu-sim/src/gpgpu-sim'
make -C ./src/gpgpu-sim/
make[2]: Entering directory '/accel-sim/accel-sim-framework/gpu-simulator/gpgpu-sim/src/gpgpu-sim'
touch /accel-sim/accel-sim-framework/gpu-simulator/gpgpu-sim/build/gcc-13.3.0/cuda-12080/release/libcuda/Makefile.makedepend
makedepend -f/accel-sim/accel-sim-framework/gpu-simulator/gpgpu-sim/build/gcc-13.3.0/cuda-12080/release/libcuda/Makefile.makedepend -p/accel-sim/accel-sim-framework/gpu-simulator/gpgpu-sim/build/gcc-13.3.0/cuda-12080/release/libcuda/ cuda_runtime_api.cc 2> /dev/null
:
echo /accel-sim/accel-sim-framework/gpu-simulator/gpgpu-sim/build/gcc-13.3.0/cuda-12080/release/libcuda/cuda_runtime_api.o /accel-sim/accel-sim-framework/gpu-simulator/gpgpu-sim/build/gcc-13.3.0/cuda-12080/release/libcuda/cuobjdump_lexer.o /accel-sim/accel-sim-framework/gpu-simulator/gpgpu-sim/build/gcc-13.3.0/cuda-12080/release/libcuda/cuobjdump_parser.o
/accel-sim/accel-sim-framework/gpu-simulator/gpgpu-sim/build/gcc-13.3.0/cuda-12080/release/libcuda/cuda_runtime_api.o /accel-sim/accel-sim-framework/gpu-simulator/gpgpu-sim/build/gcc-13.3.0/cuda-12080/release/libcuda/cuobjdump_lexer.o /accel-sim/accel-sim-framework/gpu-simulator/gpgpu-sim/build/gcc-13.3.0/cuda-12080/release/libcuda/cuobjdump_parser.o
ar rcs /accel-sim/accel-sim-framework/gpu-simulator/gpgpu-sim/build/gcc-13.3.0/cuda-12080/release/libcuda/libcuda.a /accel-sim/accel-sim-framework/gpu-simulator/gpgpu-sim/build/gcc-13.3.0/cuda-12080/release/libcuda/cuda_runtime_api.o /accel-sim/accel-sim-framework/gpu-simulator/gpgpu-sim/build/gcc-13.3.0/cuda-12080/release/libcuda/cuobjdump_lexer.o /accel-sim/accel-sim-framework/gpu-simulator/gpgpu-sim/build/gcc-13.3.0/cuda-12080/release/libcuda/cuobjdump_parser.o
touch /accel-sim/accel-sim-framework/gpu-simulator/gpgpu-sim/build/gcc-13.3.0/cuda-12080/release/gpgpu-sim/Makefile.makedepend
makedepend -f/accel-sim/accel-sim-framework/gpu-simulator/gpgpu-sim/build/gcc-13.3.0/cuda-12080/release/gpgpu-sim/Makefile.makedepend -p/accel-sim/accel-sim-framework/gpu-simulator/gpgpu-sim/build/gcc-13.3.0/cuda-12080/release/gpgpu-sim/ addrdec.cc dram.cc dram_sched.cc gpu-cache.cc gpu-misc.cc gpu-sim.cc hashing.cc histogram.cc icnt_wrapper.cc l2cache.cc local_interconnect.cc mem_fetch.cc mem_latency_stat.cc power_interface.cc power_stat.cc scoreboard.cc shader.cc stack.cc stat-tool.cc traffic_breakdown.cc visualizer.cc 2> /dev/null
make[2]: Leaving directory '/accel-sim/accel-sim-framework/gpu-simulator/gpgpu-sim/libcuda'
ar rcs  /accel-sim/accel-sim-framework/gpu-simulator/gpgpu-sim/build/gcc-13.3.0/cuda-12080/release/gpgpu-sim/libgpu_uarch_sim.a /accel-sim/accel-sim-framework/gpu-simulator/gpgpu-sim/build/gcc-13.3.0/cuda-12080/release/gpgpu-sim/addrdec.o /accel-sim/accel-sim-framework/gpu-simulator/gpgpu-sim/build/gcc-13.3.0/cuda-12080/release/gpgpu-sim/dram.o /accel-sim/accel-sim-framework/gpu-simulator/gpgpu-sim/build/gcc-13.3.0/cuda-12080/release/gpgpu-sim/dram_sched.o /accel-sim/accel-sim-framework/gpu-simulator/gpgpu-sim/build/gcc-13.3.0/cuda-12080/release/gpgpu-sim/gpu-cache.o /accel-sim/accel-sim-framework/gpu-simulator/gpgpu-sim/build/gcc-13.3.0/cuda-12080/release/gpgpu-sim/gpu-misc.o /accel-sim/accel-sim-framework/gpu-simulator/gpgpu-sim/build/gcc-13.3.0/cuda-12080/release/gpgpu-sim/gpu-sim.o /accel-sim/accel-sim-framework/gpu-simulator/gpgpu-sim/build/gcc-13.3.0/cuda-12080/release/gpgpu-sim/hashing.o /accel-sim/accel-sim-framework/gpu-simulator/gpgpu-sim/build/gcc-13.3.0/cuda-12080/release/gpgpu-sim/histogram.o /accel-sim/accel-sim-framework/gpu-simulator/gpgpu-sim/build/gcc-13.3.0/cuda-12080/release/gpgpu-sim/icnt_wrapper.o /accel-sim/accel-sim-framework/gpu-simulator/gpgpu-sim/build/gcc-13.3.0/cuda-12080/release/gpgpu-sim/l2cache.o /accel-sim/accel-sim-framework/gpu-simulator/gpgpu-sim/build/gcc-13.3.0/cuda-12080/release/gpgpu-sim/local_interconnect.o /accel-sim/accel-sim-framework/gpu-simulator/gpgpu-sim/build/gcc-13.3.0/cuda-12080/release/gpgpu-sim/mem_fetch.o /accel-sim/accel-sim-framework/gpu-simulator/gpgpu-sim/build/gcc-13.3.0/cuda-12080/release/gpgpu-sim/mem_latency_stat.o /accel-sim/accel-sim-framework/gpu-simulator/gpgpu-sim/build/gcc-13.3.0/cuda-12080/release/gpgpu-sim/power_interface.o /accel-sim/accel-sim-framework/gpu-simulator/gpgpu-sim/build/gcc-13.3.0/cuda-12080/release/gpgpu-sim/power_stat.o /accel-sim/accel-sim-framework/gpu-simulator/gpgpu-sim/build/gcc-13.3.0/cuda-12080/release/gpgpu-sim/scoreboard.o /accel-sim/accel-sim-framework/gpu-simulator/gpgpu-sim/build/gcc-13.3.0/cuda-12080/release/gpgpu-sim/shader.o /accel-sim/accel-sim-framework/gpu-simulator/gpgpu-sim/build/gcc-13.3.0/cuda-12080/release/gpgpu-sim/stack.o /accel-sim/accel-sim-framework/gpu-simulator/gpgpu-sim/build/gcc-13.3.0/cuda-12080/release/gpgpu-sim/stat-tool.o /accel-sim/accel-sim-framework/gpu-simulator/gpgpu-sim/build/gcc-13.3.0/cuda-12080/release/gpgpu-sim/traffic_breakdown.o /accel-sim/accel-sim-framework/gpu-simulator/gpgpu-sim/build/gcc-13.3.0/cuda-12080/release/gpgpu-sim/visualizer.o
make[2]: Leaving directory '/accel-sim/accel-sim-framework/gpu-simulator/gpgpu-sim/src/gpgpu-sim'
make "CREATE_LIBRARY=1" "DEBUG=0" -C ./src/intersim2
make[2]: Entering directory '/accel-sim/accel-sim-framework/gpu-simulator/gpgpu-sim/src/intersim2'
touch /accel-sim/accel-sim-framework/gpu-simulator/gpgpu-sim/build/gcc-13.3.0/cuda-12080/release/intersim2/Makefile.makedepend
makedepend -f/accel-sim/accel-sim-framework/gpu-simulator/gpgpu-sim/build/gcc-13.3.0/cuda-12080/release/intersim2/Makefile.makedepend -I-I. -Iarbiters -Iallocators -Irouters -Inetworks -Ipower -I/accel-sim/accel-sim-framework/gpu-simulator/gpgpu-sim/src -I/accel-sim/accel-sim-framework/gpu-simulator/gpgpu-sim/src/gpgpu-sim/ -p/accel-sim/accel-sim-framework/gpu-simulator/gpgpu-sim/build/gcc-13.3.0/cuda-12080/release/intersim2/ config_utils.cpp booksim_config.cpp module.cpp buffer.cpp vc.cpp routefunc.cpp traffic.cpp flitchannel.cpp trafficmanager.cpp batchtrafficmanager.cpp packet_reply_info.cpp buffer_state.cpp stats.cpp credit.cpp outputset.cpp flit.cpp injection.cpp misc_utils.cpp rng_wrapper.cpp rng_double_wrapper.cpp power_module.cpp switch_monitor.cpp buffer_monitor.cpp main.cpp gputrafficmanager.cpp intersim_config.cpp interconnect_interface.cpp allocators/allocator.cpp allocators/islip.cpp allocators/loa.cpp allocators/maxsize.cpp allocators/pim.cpp allocators/selalloc.cpp allocators/separable.cpp allocators/separable_input_first.cpp allocators/separable_output_first.cpp allocators/wavefront.cpp arbiters/arbiter.cpp arbiters/matrix_arb.cpp arbiters/prio_arb.cpp arbiters/roundrobin_arb.cpp arbiters/tree_arb.cpp networks/anynet.cpp networks/cmesh.cpp networks/dragonfly.cpp networks/fattree.cpp networks/flatfly_onchip.cpp networks/fly.cpp networks/kncube.cpp networks/network.cpp networks/qtree.cpp networks/tree4.cpp power/buffer_monitor.cpp power/power_module.cpp power/switch_monitor.cpp routers/chaos_router.cpp routers/event_router.cpp routers/iq_router.cpp routers/router.cpp 2> /dev/null
make[2]: Nothing to be done for 'all'.
make[2]: Leaving directory '/accel-sim/accel-sim-framework/gpu-simulator/gpgpu-sim/src/intersim2'
make -C ./src/ depend
make[2]: Entering directory '/accel-sim/accel-sim-framework/gpu-simulator/gpgpu-sim/src'
touch /accel-sim/accel-sim-framework/gpu-simulator/gpgpu-sim/build/gcc-13.3.0/cuda-12080/release/Makefile.makedepend
makedepend -f/accel-sim/accel-sim-framework/gpu-simulator/gpgpu-sim/build/gcc-13.3.0/cuda-12080/release/Makefile.makedepend -p/accel-sim/accel-sim-framework/gpu-simulator/gpgpu-sim/build/gcc-13.3.0/cuda-12080/release/ abstract_hardware_model.cc debug.cc gpgpusim_entrypoint.cc option_parser.cc statwrapper.cc stream_manager.cc trace.cc 2> /dev/null
make[2]: 'depend' is up to date.
make[2]: Leaving directory '/accel-sim/accel-sim-framework/gpu-simulator/gpgpu-sim/src'
make -C ./src/
make[2]: Entering directory '/accel-sim/accel-sim-framework/gpu-simulator/gpgpu-sim/src'
touch /accel-sim/accel-sim-framework/gpu-simulator/gpgpu-sim/build/gcc-13.3.0/cuda-12080/release/Makefile.makedepend
makedepend -f/accel-sim/accel-sim-framework/gpu-simulator/gpgpu-sim/build/gcc-13.3.0/cuda-12080/release/Makefile.makedepend -p/accel-sim/accel-sim-framework/gpu-simulator/gpgpu-sim/build/gcc-13.3.0/cuda-12080/release/ abstract_hardware_model.cc debug.cc gpgpusim_entrypoint.cc option_parser.cc statwrapper.cc stream_manager.cc trace.cc 2> /dev/null
make   -C ./gpgpu-sim
make[3]: Entering directory '/accel-sim/accel-sim-framework/gpu-simulator/gpgpu-sim/src/gpgpu-sim'
touch /accel-sim/accel-sim-framework/gpu-simulator/gpgpu-sim/build/gcc-13.3.0/cuda-12080/release/gpgpu-sim/Makefile.makedepend
makedepend -f/accel-sim/accel-sim-framework/gpu-simulator/gpgpu-sim/build/gcc-13.3.0/cuda-12080/release/gpgpu-sim/Makefile.makedepend -p/accel-sim/accel-sim-framework/gpu-simulator/gpgpu-sim/build/gcc-13.3.0/cuda-12080/release/gpgpu-sim/ addrdec.cc dram.cc dram_sched.cc gpu-cache.cc gpu-misc.cc gpu-sim.cc hashing.cc histogram.cc icnt_wrapper.cc l2cache.cc local_interconnect.cc mem_fetch.cc mem_latency_stat.cc power_interface.cc power_stat.cc scoreboard.cc shader.cc stack.cc stat-tool.cc traffic_breakdown.cc visualizer.cc 2> /dev/null
ar rcs  /accel-sim/accel-sim-framework/gpu-simulator/gpgpu-sim/build/gcc-13.3.0/cuda-12080/release/gpgpu-sim/libgpu_uarch_sim.a /accel-sim/accel-sim-framework/gpu-simulator/gpgpu-sim/build/gcc-13.3.0/cuda-12080/release/gpgpu-sim/addrdec.o /accel-sim/accel-sim-framework/gpu-simulator/gpgpu-sim/build/gcc-13.3.0/cuda-12080/release/gpgpu-sim/dram.o /accel-sim/accel-sim-framework/gpu-simulator/gpgpu-sim/build/gcc-13.3.0/cuda-12080/release/gpgpu-sim/dram_sched.o /accel-sim/accel-sim-framework/gpu-simulator/gpgpu-sim/build/gcc-13.3.0/cuda-12080/release/gpgpu-sim/gpu-cache.o /accel-sim/accel-sim-framework/gpu-simulator/gpgpu-sim/build/gcc-13.3.0/cuda-12080/release/gpgpu-sim/gpu-misc.o /accel-sim/accel-sim-framework/gpu-simulator/gpgpu-sim/build/gcc-13.3.0/cuda-12080/release/gpgpu-sim/gpu-sim.o /accel-sim/accel-sim-framework/gpu-simulator/gpgpu-sim/build/gcc-13.3.0/cuda-12080/release/gpgpu-sim/hashing.o /accel-sim/accel-sim-framework/gpu-simulator/gpgpu-sim/build/gcc-13.3.0/cuda-12080/release/gpgpu-sim/histogram.o /accel-sim/accel-sim-framework/gpu-simulator/gpgpu-sim/build/gcc-13.3.0/cuda-12080/release/gpgpu-sim/icnt_wrapper.o /accel-sim/accel-sim-framework/gpu-simulator/gpgpu-sim/build/gcc-13.3.0/cuda-12080/release/gpgpu-sim/l2cache.o /accel-sim/accel-sim-framework/gpu-simulator/gpgpu-sim/build/gcc-13.3.0/cuda-12080/release/gpgpu-sim/local_interconnect.o /accel-sim/accel-sim-framework/gpu-simulator/gpgpu-sim/build/gcc-13.3.0/cuda-12080/release/gpgpu-sim/mem_fetch.o /accel-sim/accel-sim-framework/gpu-simulator/gpgpu-sim/build/gcc-13.3.0/cuda-12080/release/gpgpu-sim/mem_latency_stat.o /accel-sim/accel-sim-framework/gpu-simulator/gpgpu-sim/build/gcc-13.3.0/cuda-12080/release/gpgpu-sim/power_interface.o /accel-sim/accel-sim-framework/gpu-simulator/gpgpu-sim/build/gcc-13.3.0/cuda-12080/release/gpgpu-sim/power_stat.o /accel-sim/accel-sim-framework/gpu-simulator/gpgpu-sim/build/gcc-13.3.0/cuda-12080/release/gpgpu-sim/scoreboard.o /accel-sim/accel-sim-framework/gpu-simulator/gpgpu-sim/build/gcc-13.3.0/cuda-12080/release/gpgpu-sim/shader.o /accel-sim/accel-sim-framework/gpu-simulator/gpgpu-sim/build/gcc-13.3.0/cuda-12080/release/gpgpu-sim/stack.o /accel-sim/accel-sim-framework/gpu-simulator/gpgpu-sim/build/gcc-13.3.0/cuda-12080/release/gpgpu-sim/stat-tool.o /accel-sim/accel-sim-framework/gpu-simulator/gpgpu-sim/build/gcc-13.3.0/cuda-12080/release/gpgpu-sim/traffic_breakdown.o /accel-sim/accel-sim-framework/gpu-simulator/gpgpu-sim/build/gcc-13.3.0/cuda-12080/release/gpgpu-sim/visualizer.o
make[3]: Leaving directory '/accel-sim/accel-sim-framework/gpu-simulator/gpgpu-sim/src/gpgpu-sim'
ar rcs  /accel-sim/accel-sim-framework/gpu-simulator/gpgpu-sim/build/gcc-13.3.0/cuda-12080/release/libgpgpusim.a /accel-sim/accel-sim-framework/gpu-simulator/gpgpu-sim/build/gcc-13.3.0/cuda-12080/release/abstract_hardware_model.o /accel-sim/accel-sim-framework/gpu-simulator/gpgpu-sim/build/gcc-13.3.0/cuda-12080/release/debug.o /accel-sim/accel-sim-framework/gpu-simulator/gpgpu-sim/build/gcc-13.3.0/cuda-12080/release/gpgpusim_entrypoint.o /accel-sim/accel-sim-framework/gpu-simulator/gpgpu-sim/build/gcc-13.3.0/cuda-12080/release/option_parser.o /accel-sim/accel-sim-framework/gpu-simulator/gpgpu-sim/build/gcc-13.3.0/cuda-12080/release/statwrapper.o /accel-sim/accel-sim-framework/gpu-simulator/gpgpu-sim/build/gcc-13.3.0/cuda-12080/release/stream_manager.o /accel-sim/accel-sim-framework/gpu-simulator/gpgpu-sim/build/gcc-13.3.0/cuda-12080/release/trace.o /accel-sim/accel-sim-framework/gpu-simulator/gpgpu-sim/build/gcc-13.3.0/cuda-12080/release/gpgpu-sim/*.o
make[2]: Leaving directory '/accel-sim/accel-sim-framework/gpu-simulator/gpgpu-sim/src'
g++ -shared -Wl,-soname,libcudart.so -Wl,--version-script=linux-so-version.txt\
		/accel-sim/accel-sim-framework/gpu-simulator/gpgpu-sim/build/gcc-13.3.0/cuda-12080/release/libcuda/*.o \
		/accel-sim/accel-sim-framework/gpu-simulator/gpgpu-sim/build/gcc-13.3.0/cuda-12080/release/cuda-sim/*.o \
		/accel-sim/accel-sim-framework/gpu-simulator/gpgpu-sim/build/gcc-13.3.0/cuda-12080/release/cuda-sim/decuda_pred_table/*.o \
		/accel-sim/accel-sim-framework/gpu-simulator/gpgpu-sim/build/gcc-13.3.0/cuda-12080/release/gpgpu-sim/*.o \
		/accel-sim/accel-sim-framework/gpu-simulator/gpgpu-sim/build/gcc-13.3.0/cuda-12080/release/intersim2/*.o \
		/accel-sim/accel-sim-framework/gpu-simulator/gpgpu-sim/build/gcc-13.3.0/cuda-12080/release/*.o -lm -lz -lGL -pthread \
		/accel-sim/accel-sim-framework/gpu-simulator/gpgpu-sim/build/gcc-13.3.0/cuda-12080/release/accelwattch/*.o \
		-o lib/gcc-13.3.0/cuda-12080/release/libcudart.so
if [ ! -f lib/gcc-13.3.0/cuda-12080/release/libcudart.so.2 ]; then ln -s libcudart.so lib/gcc-13.3.0/cuda-12080/release/libcudart.so.2; fi
if [ ! -f lib/gcc-13.3.0/cuda-12080/release/libcudart.so.3 ]; then ln -s libcudart.so lib/gcc-13.3.0/cuda-12080/release/libcudart.so.3; fi
if [ ! -f lib/gcc-13.3.0/cuda-12080/release/libcudart.so.4 ]; then ln -s libcudart.so lib/gcc-13.3.0/cuda-12080/release/libcudart.so.4; fi
if [ ! -f lib/gcc-13.3.0/cuda-12080/release/libcudart.so.5.0 ]; then ln -s libcudart.so lib/gcc-13.3.0/cuda-12080/release/libcudart.so.5.0; fi
if [ ! -f lib/gcc-13.3.0/cuda-12080/release/libcudart.so.5.5 ]; then ln -s libcudart.so lib/gcc-13.3.0/cuda-12080/release/libcudart.so.5.5; fi
if [ ! -f lib/gcc-13.3.0/cuda-12080/release/libcudart.so.6.0 ]; then ln -s libcudart.so lib/gcc-13.3.0/cuda-12080/release/libcudart.so.6.0; fi
if [ ! -f lib/gcc-13.3.0/cuda-12080/release/libcudart.so.6.5 ]; then ln -s libcudart.so lib/gcc-13.3.0/cuda-12080/release/libcudart.so.6.5; fi
if [ ! -f lib/gcc-13.3.0/cuda-12080/release/libcudart.so.7.0 ]; then ln -s libcudart.so lib/gcc-13.3.0/cuda-12080/release/libcudart.so.7.0; fi
if [ ! -f lib/gcc-13.3.0/cuda-12080/release/libcudart.so.7.5 ]; then ln -s libcudart.so lib/gcc-13.3.0/cuda-12080/release/libcudart.so.7.5; fi
if [ ! -f lib/gcc-13.3.0/cuda-12080/release/libcudart.so.8.0 ]; then ln -s libcudart.so lib/gcc-13.3.0/cuda-12080/release/libcudart.so.8.0; fi
if [ ! -f lib/gcc-13.3.0/cuda-12080/release/libcudart.so.9.0 ]; then ln -s libcudart.so lib/gcc-13.3.0/cuda-12080/release/libcudart.so.9.0; fi
if [ ! -f lib/gcc-13.3.0/cuda-12080/release/libcudart.so.9.1 ]; then ln -s libcudart.so lib/gcc-13.3.0/cuda-12080/release/libcudart.so.9.1; fi
if [ ! -f lib/gcc-13.3.0/cuda-12080/release/libcudart.so.9.2 ]; then ln -s libcudart.so lib/gcc-13.3.0/cuda-12080/release/libcudart.so.9.2; fi
if [ ! -f lib/gcc-13.3.0/cuda-12080/release/libcudart.so.10.0 ]; then ln -s libcudart.so lib/gcc-13.3.0/cuda-12080/release/libcudart.so.10.0; fi
if [ ! -f lib/gcc-13.3.0/cuda-12080/release/libcudart.so.10.1 ]; then ln -s libcudart.so lib/gcc-13.3.0/cuda-12080/release/libcudart.so.10.1; fi
if [ ! -f lib/gcc-13.3.0/cuda-12080/release/libcudart.so.11.0 ]; then ln -s libcudart.so lib/gcc-13.3.0/cuda-12080/release/libcudart.so.11.0; fi
if [ ! -f lib/gcc-13.3.0/cuda-12080/release/libcudart.so.12 ]; then ln -s libcudart.so lib/gcc-13.3.0/cuda-12080/release/libcudart.so.12; fi
if [ ! -f lib/gcc-13.3.0/cuda-12080/release/libcudart_mod.so ]; then ln -s libcudart.so lib/gcc-13.3.0/cuda-12080/release/libcudart_mod.so; fi
make[1]: Leaving directory '/accel-sim/accel-sim-framework/gpu-simulator/gpgpu-sim'
g++ -Wall -O3 -g3 -fPIC -std=c++17 -I./trace-driven -I./trace-parser -I/accel-sim/accel-sim-framework/gpu-simulator/gpgpu-sim/libcuda -I/accel-sim/accel-sim-framework/gpu-simulator/gpgpu-sim/src -I/usr/local/cuda/include -I./build/release -L/accel-sim/accel-sim-framework/gpu-simulator/gpgpu-sim/lib/gcc-13.3.0/cuda-12080/release/ -lcudart -lm -lz -lGL -pthread ./build/release/*.o  -o ./bin/release/accel-sim.out accel-sim.cc main.cc 
In file included from /accel-sim/accel-sim-framework/gpu-simulator/gpgpu-sim/src/cuda-sim/../gpgpu-sim/shader.h:55,
                 from /accel-sim/accel-sim-framework/gpu-simulator/gpgpu-sim/src/cuda-sim/cuda-sim.h:37,
                 from accel-sim.h:13,
                 from accel-sim.cc:1:
/accel-sim/accel-sim-framework/gpu-simulator/gpgpu-sim/src/cuda-sim/../gpgpu-sim/gpu-cache.h: In constructor 'baseline_cache::baseline_cache(const char*, cache_config&, int, int, mem_fetch_interface*, mem_fetch_status, cache_gpu_level, gpgpu_sim*)':
/accel-sim/accel-sim-framework/gpu-simulator/gpgpu-sim/src/cuda-sim/../gpgpu-sim/gpu-cache.h:1479:24: warning: 'baseline_cache::m_bandwidth_management' will be initialized after [-Wreorder]
 1479 |   bandwidth_management m_bandwidth_management;
      |                        ^~~~~~~~~~~~~~~~~~~~~~
/accel-sim/accel-sim-framework/gpu-simulator/gpgpu-sim/src/cuda-sim/../gpgpu-sim/gpu-cache.h:1399:19: warning:   'cache_gpu_level baseline_cache::m_level' [-Wreorder]
 1399 |   cache_gpu_level m_level;
      |                   ^~~~~~~
/accel-sim/accel-sim-framework/gpu-simulator/gpgpu-sim/src/cuda-sim/../gpgpu-sim/gpu-cache.h:1282:3: warning:   when initialized here [-Wreorder]
 1282 |   baseline_cache(const char *name, cache_config &config, int core_id,
      |   ^~~~~~~~~~~~~~
/accel-sim/accel-sim-framework/gpu-simulator/gpgpu-sim/src/cuda-sim/../gpgpu-sim/shader.h: At global scope:
/accel-sim/accel-sim-framework/gpu-simulator/gpgpu-sim/src/cuda-sim/../gpgpu-sim/shader.h:206:24: warning: 'virtual address_type shd_warp_t::get_pc() const' was hidden [-Woverloaded-virtual=]
  206 |   virtual address_type get_pc() const { return m_next_pc; }
      |                        ^~~~~~
In file included from accel-sim.h:19:
./trace-driven/trace_driven.h:157:24: note:   by 'virtual address_type trace_shd_warp_t::get_pc()'
  157 |   virtual address_type get_pc();
      |                        ^~~~~~
In file included from /accel-sim/accel-sim-framework/gpu-simulator/gpgpu-sim/src/cuda-sim/../gpgpu-sim/shader.h:55,
                 from /accel-sim/accel-sim-framework/gpu-simulator/gpgpu-sim/src/cuda-sim/cuda-sim.h:37,
                 from accel-sim.h:13,
                 from main.cc:4:
/accel-sim/accel-sim-framework/gpu-simulator/gpgpu-sim/src/cuda-sim/../gpgpu-sim/gpu-cache.h: In constructor 'baseline_cache::baseline_cache(const char*, cache_config&, int, int, mem_fetch_interface*, mem_fetch_status, cache_gpu_level, gpgpu_sim*)':
/accel-sim/accel-sim-framework/gpu-simulator/gpgpu-sim/src/cuda-sim/../gpgpu-sim/gpu-cache.h:1479:24: warning: 'baseline_cache::m_bandwidth_management' will be initialized after [-Wreorder]
 1479 |   bandwidth_management m_bandwidth_management;
      |                        ^~~~~~~~~~~~~~~~~~~~~~
/accel-sim/accel-sim-framework/gpu-simulator/gpgpu-sim/src/cuda-sim/../gpgpu-sim/gpu-cache.h:1399:19: warning:   'cache_gpu_level baseline_cache::m_level' [-Wreorder]
 1399 |   cache_gpu_level m_level;
      |                   ^~~~~~~
/accel-sim/accel-sim-framework/gpu-simulator/gpgpu-sim/src/cuda-sim/../gpgpu-sim/gpu-cache.h:1282:3: warning:   when initialized here [-Wreorder]
 1282 |   baseline_cache(const char *name, cache_config &config, int core_id,
      |   ^~~~~~~~~~~~~~
/accel-sim/accel-sim-framework/gpu-simulator/gpgpu-sim/src/cuda-sim/../gpgpu-sim/shader.h: At global scope:
/accel-sim/accel-sim-framework/gpu-simulator/gpgpu-sim/src/cuda-sim/../gpgpu-sim/shader.h:206:24: warning: 'virtual address_type shd_warp_t::get_pc() const' was hidden [-Woverloaded-virtual=]
  206 |   virtual address_type get_pc() const { return m_next_pc; }
      |                        ^~~~~~
In file included from accel-sim.h:19:
./trace-driven/trace_driven.h:157:24: note:   by 'virtual address_type trace_shd_warp_t::get_pc()'
  157 |   virtual address_type get_pc();
      |                        ^~~~~~
/usr/bin/ld: /accel-sim/accel-sim-framework/gpu-simulator/gpgpu-sim/lib/gcc-13.3.0/cuda-12080/release//libcudart.so: undefined reference to `warp_inst_t::warp_inst_stage_name'
collect2: error: ld returned 1 exit status
make: *** [Makefile:67: bin/release/accel-sim.out] Error 1
